Microchip MPLAB XC8 Compiler V1.44 ()

Linker command line:

-W-3 --edf=/opt/microchip/xc8/v1.44/dat/en_msgs.txt -cs \
  -h+dist/default/production/Quadcopter_Transmitter.X.production.sym \
  --cmf=dist/default/production/Quadcopter_Transmitter.X.production.cmf -z \
  -Q16F877A -o/tmp/xcX7cz8rN \
  -Mdist/default/production/Quadcopter_Transmitter.X.production.map -E1 \
  -ver=XC8 -ASTACK=0110h-016fh -pstack=STACK -ACODE=00h-07FFhx4 \
  -ASTRCODE=00h-01FFFh -ASTRING=00h-0FFhx32 -ACONST=00h-0FFhx32 \
  -AENTRY=00h-0FFhx32 -ACOMMON=070h-07Fh -ABANK0=020h-06Fh \
  -ABANK1=0A0h-0EFh -ABANK2=0110h-016Fh -ABANK3=0190h-01EFh \
  -ARAM=020h-06Fh,0A0h-0EFh,0110h-016Fh,0190h-01EFh \
  -AABS1=020h-07Fh,0A0h-0EFh,0110h-016Fh,0190h-01EFh -ASFR0=00h-01Fh \
  -ASFR1=080h-09Fh -ASFR2=0100h-010Fh -ASFR3=0180h-018Fh \
  -preset_vec=00h,intentry=04h,init,end_init -ppowerup=CODE -pcinit=CODE \
  -pfunctab=ENTRY -ACONFIG=02007h-02007h -pconfig=CONFIG -DCONFIG=2 \
  -AIDLOC=02000h-02003h -pidloc=IDLOC -DIDLOC=2 -AEEDATA=00h-0FFh/02100h \
  -peeprom_data=EEDATA -DEEDATA=2 -DCODE=2 -DSTRCODE=2 -DSTRING=2 -DCONST=2 \
  -DENTRY=2 -k /tmp/xcXFe7IRr.obj \
  dist/default/production/Quadcopter_Transmitter.X.production.obj 

Object code version is 3.11

Machine type is 16F877A



                Name                               Link     Load   Length Selector   Space Scale
/tmp/xcXFe7IRr.obj
                end_init                             12       12        3        8       0
                reset_vec                             0        0        3        0       0
dist/default/production/Quadcopter_Transmitter.X.production.obj
                cinit                                15       15        E        8       0
                intentry                              4        4        E        8       0
                text14                              123      123       59        8       0
                text13                              1CC      1CC       4B        8       0
                text12                              3BF      3BF       21        8       0
                text11                              302      302       33        8       0
                text10                               A8       A8       7B        8       0
                text9                               335      335       32        8       0
                text8                               393      393       2C        8       0
                text7                                23       23       85        8       0
                text6                               217      217       4A        8       0
                text5                               298      298       36        8       0
                text4                               17C      17C       50        8       0
                text3                               261      261       37        8       0
                text2                               367      367       2C        8       0
                text1                               3FC      3FC       14      7F8       0
                maintext                            2CE      2CE       34        8       0
                cstackBANK0                          20       20       19       20       1
                cstackCOMMON                         70       70        D       70       1
                bssBANK0                             39       39        8       20       1
                strings                             3E0      3E0       1C      7C0       0

TOTAL           Name                               Link     Load   Length     Space
        CLASS   STACK          

        CLASS   CODE           
                end_init                             12       12        3         0
                cinit                                15       15        E         0
                intentry                              4        4        E         0
                reset_vec                             0        0        3         0
                text14                              123      123       59         0
                text13                              1CC      1CC       4B         0
                text12                              3BF      3BF       21         0
                text11                              302      302       33         0
                text10                               A8       A8       7B         0
                text9                               335      335       32         0
                text8                               393      393       2C         0
                text7                                23       23       85         0
                text6                               217      217       4A         0
                text5                               298      298       36         0
                text4                               17C      17C       50         0
                text3                               261      261       37         0
                text2                               367      367       2C         0
                text1                               3FC      3FC       14         0
                maintext                            2CE      2CE       34         0

        CLASS   STRCODE        

        CLASS   STRING         
                strings                             3E0      3E0       1C         0

        CLASS   CONST          

        CLASS   ENTRY          

        CLASS   COMMON         
                cstackCOMMON                         70       70        D         1

        CLASS   BANK0          
                cstackBANK0                          20       20       19         1
                bssBANK0                             39       39        8         1

        CLASS   BANK1          

        CLASS   BANK2          

        CLASS   BANK3          

        CLASS   RAM            

        CLASS   ABS1           
                abs_s1                               7E       7E        2         1

        CLASS   SFR0           

        CLASS   SFR1           

        CLASS   SFR2           

        CLASS   SFR3           

        CLASS   CONFIG         

        CLASS   IDLOC          

        CLASS   EEDATA         



SEGMENTS        Name                           Load    Length   Top    Selector   Space  Class     Delta

                reset_vec                      000000  000003  000003         0       0  CODE        2
                intentry                       000004  0003DC  0003E0         8       0  CODE        2
                cstackBANK0                    000020  000021  000041        20       1  BANK0       1
                cstackCOMMON                   000070  00000D  00007D        70       1  COMMON      1
                strings                        0003E0  00001C  0003FC       7C0       0  STRING      2
                text1                          0003FC  000014  000410       7F8       0  CODE        2


UNUSED ADDRESS RANGES

        Name                Unused          Largest block    Delta
        BANK0            041-06F            2F           1
        BANK1            0A0-0EF            50           1
        BANK2            110-16F            60           1
        BANK3            190-1EF            60           1
        CODE             003-003             1           2
                         410-1FFF           800
        COMMON           07D-07D             1           1
        CONFIG           2007-2007             1           2
        CONST            003-003             1           2
                         410-1FFF           100
        EEDATA           2100-21FF           100           2
        ENTRY            003-003             1           2
                         410-1FFF           100
        IDLOC            2000-2003             4           2
        RAM              041-06F            2F           1
                         0A0-0EF            50
                         110-16F            60
                         190-1EF            60
        SFR0             000-01F            20           1
        SFR1             080-09F            20           1
        SFR2             100-10F            10           1
        SFR3             180-18F            10           1
        STACK            110-16F            60           1
        STRCODE          003-003             1           2
                         410-1FFF          1BF0
        STRING           003-003             1           2
                         410-1FFF           100

                                  Symbol Table

?___awdiv                cstackCOMMON 070
?___awmod                cstackCOMMON 070
?___wmul                 cstackCOMMON 070
_D                       bssBANK0     039
_I                       bssBANK0     03B
_INTCON                  (abs)        00B
_INTE                    (abs)        05C
_INTF                    (abs)        059
_OPTION_REG              (abs)        081
_P                       bssBANK0     03D
_PORTD                   (abs)        008
_TRISB                   (abs)        086
_TRISD                   (abs)        088
__Habs1                  abs1         000
__Hbank0                 bank0        000
__Hbank1                 bank1        000
__Hbank2                 bank2        000
__Hbank3                 bank3        000
__HbssBANK0              bssBANK0     000
__Hcinit                 cinit        023
__Hclrtext               clrtext      000
__Hcode                  code         000
__Hcommon                common       000
__Hconfig                config       000
__HcstackBANK0           cstackBANK0  000
__HcstackCOMMON          cstackCOMMON 000
__Heeprom_data           eeprom_data  000
__Hend_init              end_init     015
__Hfunctab               functab      000
__Hidloc                 idloc        000
__Hinit                  init         012
__Hintentry              intentry     012
__Hmaintext              maintext     000
__Hpowerup               powerup      000
__Hram                   ram          000
__Hreset_vec             reset_vec    003
__Hsfr0                  sfr0         000
__Hsfr1                  sfr1         000
__Hsfr2                  sfr2         000
__Hsfr3                  sfr3         000
__Hspace_0               (abs)        410
__Hspace_1               (abs)        07D
__Hspace_2               (abs)        000
__Hspace_3               (abs)        000
__Hstack                 stack        000
__Hstrings               strings      000
__Htext                  text         000
__Labs1                  abs1         000
__Lbank0                 bank0        000
__Lbank1                 bank1        000
__Lbank2                 bank2        000
__Lbank3                 bank3        000
__LbssBANK0              bssBANK0     000
__Lcinit                 cinit        015
__Lclrtext               clrtext      000
__Lcode                  code         000
__Lcommon                common       000
__Lconfig                config       000
__LcstackBANK0           cstackBANK0  000
__LcstackCOMMON          cstackCOMMON 000
__Leeprom_data           eeprom_data  000
__Lend_init              end_init     012
__Lfunctab               functab      000
__Lidloc                 idloc        000
__Linit                  init         012
__Lintentry              intentry     004
__Lmaintext              maintext     000
__Lpowerup               powerup      000
__Lram                   ram          000
__Lreset_vec             reset_vec    000
__Lsfr0                  sfr0         000
__Lsfr1                  sfr1         000
__Lsfr2                  sfr2         000
__Lsfr3                  sfr3         000
__Lspace_0               (abs)        000
__Lspace_1               (abs)        000
__Lspace_2               (abs)        000
__Lspace_3               (abs)        000
__Lstack                 stack        000
__Lstrings               strings      000
__Ltext                  text         000
__S0                     (abs)        410
__S1                     (abs)        07D
__S2                     (abs)        000
__S3                     (abs)        000
___awdiv                 text14       123
___awdiv@counter         cstackCOMMON 075
___awdiv@dividend        cstackCOMMON 072
___awdiv@divisor         cstackCOMMON 070
___awdiv@quotient        cstackCOMMON 077
___awdiv@sign            cstackCOMMON 076
___awmod                 text13       1CC
___awmod@counter         cstackCOMMON 075
___awmod@dividend        cstackCOMMON 072
___awmod@divisor         cstackCOMMON 070
___awmod@sign            cstackCOMMON 076
___int_sp                stack        000
___latbits               (abs)        002
___sp                    stack        000
___wmul                  text12       3BF
___wmul@multiplicand     cstackCOMMON 072
___wmul@multiplier       cstackCOMMON 070
___wmul@product          cstackCOMMON 074
__end_of___awdiv         text14       17C
__end_of___awmod         text13       217
__end_of___wmul          text12       3E0
__end_of__initialization cinit        01F
__end_of__stringtab      strings      3E6
__end_of_disp_PID        text7        0A8
__end_of_ext_int         text6        261
__end_of_lcd_cmd         text5        2CE
__end_of_lcd_data        text3        298
__end_of_lcd_init        text4        1CC
__end_of_lcd_int         text10       123
__end_of_lcd_string      text2        393
__end_of_main            maintext     302
__end_of_pic_init        text1        410
__end_ofi1_lcd_cmd       text9        367
__end_ofi1_lcd_data      text11       335
__end_ofi1_lcd_string    text8        3BF
__initialization         cinit        015
__pbssBANK0              bssBANK0     039
__pcstackBANK0           cstackBANK0  020
__pcstackCOMMON          cstackCOMMON 070
__pintentry              intentry     004
__pmaintext              maintext     2CE
__pstrings               strings      3E0
__ptext1                 text1        3FC
__ptext10                text10       0A8
__ptext11                text11       302
__ptext12                text12       3BF
__ptext13                text13       1CC
__ptext14                text14       123
__ptext2                 text2        367
__ptext3                 text3        261
__ptext4                 text4        17C
__ptext5                 text5        298
__ptext6                 text6        217
__ptext7                 text7        023
__ptext8                 text8        393
__ptext9                 text9        335
__size_of___awdiv        (abs)        000
__size_of___awmod        (abs)        000
__size_of___wmul         (abs)        000
__size_of_disp_PID       (abs)        000
__size_of_ext_int        (abs)        000
__size_of_lcd_cmd        (abs)        000
__size_of_lcd_data       (abs)        000
__size_of_lcd_init       (abs)        000
__size_of_lcd_int        (abs)        000
__size_of_lcd_string     (abs)        000
__size_of_main           (abs)        000
__size_of_pic_init       (abs)        000
__size_ofi1_lcd_cmd      (abs)        000
__size_ofi1_lcd_data     (abs)        000
__size_ofi1_lcd_string   (abs)        000
__stringbase             strings      3E5
__stringtab              strings      3E0
_disp_PID                text7        023
_ext_int                 text6        217
_lcd_cmd                 text5        298
_lcd_data                text3        261
_lcd_init                text4        17C
_lcd_int                 text10       0A8
_lcd_string              text2        367
_main                    maintext     2CE
_page_no                 bssBANK0     03F
_pic_init                text1        3FC
btemp                    (abs)        07E
end_of_initialization    cinit        01F
ext_int@j                cstackBANK0  02B
i1_lcd_cmd               text9        335
i1_lcd_data              text11       302
i1_lcd_string            text8        393
i1lcd_cmd@c              cstackCOMMON 070
i1lcd_data@d             cstackCOMMON 077
i1lcd_string@i           cstackBANK0  021
i1lcd_string@s           cstackBANK0  020
interrupt_function       intentry     004
intlevel0                functab      000
intlevel1                functab      000
intlevel2                functab      000
intlevel3                functab      000
intlevel4                functab      000
intlevel5                functab      000
lcd_cmd@c                cstackBANK0  02D
lcd_data@d               cstackBANK0  02D
lcd_int@i                cstackCOMMON 07B
lcd_int@j                cstackBANK0  022
lcd_string@i             cstackBANK0  033
lcd_string@s             cstackBANK0  035
reset_vec                reset_vec    000
saved_w                  (abs)        07E
stackhi                  (abs)        000
stacklo                  (abs)        000
start                    init         012
start_initialization     cinit        015
wtemp0                   (abs)        07E


FUNCTION INFORMATION:

 *************** function _main *****************
 Defined at:
		line 80 in file "main.c"
 Parameters:    Size  Location     Type
		None
 Auto vars:     Size  Location     Type
		None
 Return value:  Size  Location     Type
                  1    wreg      void 
 Registers used:
		wreg, fsr0l, fsr0h, status,2, status,0, pclath, cstack
 Tracked objects:
		On entry : 
		On exit  : 
		Unchanged: 
 Data sizes:     COMMON   BANK0   BANK1   BANK3   BANK2
      Params:         0       0       0       0       0
      Locals:         0       0       0       0       0
      Temps:          0       3       0       0       0
      Totals:         0       3       0       0       0
Total ram usage:        3 bytes
 Hardware stack levels required when called:    6
 This function calls:
		_lcd_cmd
		_lcd_init
		_lcd_string
		_pic_init
 This function is called by:
		Startup code after reset
 This function uses a non-reentrant model


 *************** function _pic_init *****************
 Defined at:
		line 17 in file "main.c"
 Parameters:    Size  Location     Type
		None
 Auto vars:     Size  Location     Type
		None
 Return value:  Size  Location     Type
                  1    wreg      void 
 Registers used:
		wreg, status,2, status,0
 Tracked objects:
		On entry : 
		On exit  : 
		Unchanged: 
 Data sizes:     COMMON   BANK0   BANK1   BANK3   BANK2
      Params:         0       0       0       0       0
      Locals:         0       0       0       0       0
      Temps:          0       1       0       0       0
      Totals:         0       1       0       0       0
Total ram usage:        1 bytes
 Hardware stack levels used:    1
 Hardware stack levels required when called:    4
 This function calls:
		Nothing
 This function is called by:
		_main
 This function uses a non-reentrant model


 *************** function _lcd_string *****************
 Defined at:
		line 51 in file "/home/krish/MPLABXProjects/Quadcopter_Transmitter.X/lcd.h"
 Parameters:    Size  Location     Type
  s               1    wreg     PTR unsigned char 
		 -> STR_4(13), STR_3(3), STR_2(3), STR_1(3), 
 Auto vars:     Size  Location     Type
  s               1   21[BANK0 ] PTR unsigned char 
		 -> STR_4(13), STR_3(3), STR_2(3), STR_1(3), 
  i               2   19[BANK0 ] int 
 Return value:  Size  Location     Type
                  1    wreg      void 
 Registers used:
		wreg, fsr0l, fsr0h, status,2, status,0, pclath, cstack
 Tracked objects:
		On entry : 
		On exit  : 
		Unchanged: 
 Data sizes:     COMMON   BANK0   BANK1   BANK3   BANK2
      Params:         0       0       0       0       0
      Locals:         0       3       0       0       0
      Temps:          0       2       0       0       0
      Totals:         0       5       0       0       0
Total ram usage:        5 bytes
 Hardware stack levels used:    1
 Hardware stack levels required when called:    5
 This function calls:
		_lcd_data
 This function is called by:
		_main
 This function uses a non-reentrant model


 *************** function _lcd_data *****************
 Defined at:
		line 39 in file "/home/krish/MPLABXProjects/Quadcopter_Transmitter.X/lcd.h"
 Parameters:    Size  Location     Type
  d               2   13[BANK0 ] int 
 Auto vars:     Size  Location     Type
		None
 Return value:  Size  Location     Type
                  1    wreg      void 
 Registers used:
		wreg, status,2, status,0
 Tracked objects:
		On entry : 
		On exit  : 
		Unchanged: 
 Data sizes:     COMMON   BANK0   BANK1   BANK3   BANK2
      Params:         0       2       0       0       0
      Locals:         0       0       0       0       0
      Temps:          0       2       0       0       0
      Totals:         0       4       0       0       0
Total ram usage:        4 bytes
 Hardware stack levels used:    1
 Hardware stack levels required when called:    4
 This function calls:
		Nothing
 This function is called by:
		_lcd_string
 This function uses a non-reentrant model


 *************** function _lcd_init *****************
 Defined at:
		line 16 in file "/home/krish/MPLABXProjects/Quadcopter_Transmitter.X/lcd.h"
 Parameters:    Size  Location     Type
		None
 Auto vars:     Size  Location     Type
		None
 Return value:  Size  Location     Type
                  1    wreg      void 
 Registers used:
		wreg, status,2, status,0, pclath, cstack
 Tracked objects:
		On entry : 
		On exit  : 
		Unchanged: 
 Data sizes:     COMMON   BANK0   BANK1   BANK3   BANK2
      Params:         0       0       0       0       0
      Locals:         0       0       0       0       0
      Temps:          0       3       0       0       0
      Totals:         0       3       0       0       0
Total ram usage:        3 bytes
 Hardware stack levels used:    1
 Hardware stack levels required when called:    5
 This function calls:
		_lcd_cmd
 This function is called by:
		_main
 This function uses a non-reentrant model


 *************** function _lcd_cmd *****************
 Defined at:
		line 27 in file "/home/krish/MPLABXProjects/Quadcopter_Transmitter.X/lcd.h"
 Parameters:    Size  Location     Type
  c               2   13[BANK0 ] int 
 Auto vars:     Size  Location     Type
		None
 Return value:  Size  Location     Type
                  1    wreg      void 
 Registers used:
		wreg, status,2, status,0
 Tracked objects:
		On entry : 
		On exit  : 
		Unchanged: 
 Data sizes:     COMMON   BANK0   BANK1   BANK3   BANK2
      Params:         0       2       0       0       0
      Locals:         0       0       0       0       0
      Temps:          0       2       0       0       0
      Totals:         0       4       0       0       0
Total ram usage:        4 bytes
 Hardware stack levels used:    1
 Hardware stack levels required when called:    4
 This function calls:
		Nothing
 This function is called by:
		_lcd_init
		_main
 This function uses a non-reentrant model


 *************** function _ext_int *****************
 Defined at:
		line 26 in file "main.c"
 Parameters:    Size  Location     Type
		None
 Auto vars:     Size  Location     Type
  j               2   11[BANK0 ] int 
 Return value:  Size  Location     Type
                  1    wreg      void 
 Registers used:
		wreg, fsr0l, fsr0h, status,2, status,0, btemp+1, pclath, cstack
 Tracked objects:
		On entry : 
		On exit  : 
		Unchanged: 
 Data sizes:     COMMON   BANK0   BANK1   BANK3   BANK2
      Params:         0       0       0       0       0
      Locals:         0       2       0       0       0
      Temps:          0       7       0       0       0
      Totals:         0       9       0       0       0
Total ram usage:        9 bytes
 Hardware stack levels used:    1
 Hardware stack levels required when called:    3
 This function calls:
		_disp_PID
 This function is called by:
		Interrupt level 1
 This function uses a non-reentrant model


 *************** function _disp_PID *****************
 Defined at:
		line 44 in file "main.c"
 Parameters:    Size  Location     Type
		None
 Auto vars:     Size  Location     Type
		None
 Return value:  Size  Location     Type
                  1    wreg      void 
 Registers used:
		wreg, fsr0l, fsr0h, status,2, status,0, pclath, cstack
 Tracked objects:
		On entry : 
		On exit  : 
		Unchanged: 
 Data sizes:     COMMON   BANK0   BANK1   BANK3   BANK2
      Params:         0       0       0       0       0
      Locals:         0       0       0       0       0
      Temps:          0       0       0       0       0
      Totals:         0       0       0       0       0
Total ram usage:        0 bytes
 Hardware stack levels used:    1
 Hardware stack levels required when called:    2
 This function calls:
		_lcd_int
		i1_lcd_cmd
		i1_lcd_string
 This function is called by:
		_ext_int
 This function uses a non-reentrant model


 *************** function i1_lcd_string *****************
 Defined at:
		line 51 in file "/home/krish/MPLABXProjects/Quadcopter_Transmitter.X/lcd.h"
 Parameters:    Size  Location     Type
  s               1    wreg     PTR unsigned char 
		 -> STR_4(13), STR_3(3), STR_2(3), STR_1(3), 
 Auto vars:     Size  Location     Type
  s               1    0[BANK0 ] PTR unsigned char 
		 -> STR_4(13), STR_3(3), STR_2(3), STR_1(3), 
  lcd_string      2    1[BANK0 ] int 
 Return value:  Size  Location     Type
                  1    wreg      void 
 Registers used:
		wreg, fsr0l, fsr0h, status,2, status,0, pclath, cstack
 Tracked objects:
		On entry : 
		On exit  : 
		Unchanged: 
 Data sizes:     COMMON   BANK0   BANK1   BANK3   BANK2
      Params:         0       0       0       0       0
      Locals:         0       3       0       0       0
      Temps:          2       0       0       0       0
      Totals:         2       3       0       0       0
Total ram usage:        5 bytes
 Hardware stack levels used:    1
 Hardware stack levels required when called:    1
 This function calls:
		i1_lcd_data
 This function is called by:
		_disp_PID
 This function uses a non-reentrant model


 *************** function i1_lcd_cmd *****************
 Defined at:
		line 27 in file "/home/krish/MPLABXProjects/Quadcopter_Transmitter.X/lcd.h"
 Parameters:    Size  Location     Type
  c               2    0[COMMON] int 
 Auto vars:     Size  Location     Type
		None
 Return value:  Size  Location     Type
                  1    wreg      void 
 Registers used:
		wreg, status,2, status,0
 Tracked objects:
		On entry : 
		On exit  : 
		Unchanged: 
 Data sizes:     COMMON   BANK0   BANK1   BANK3   BANK2
      Params:         2       0       0       0       0
      Locals:         0       0       0       0       0
      Temps:          2       0       0       0       0
      Totals:         4       0       0       0       0
Total ram usage:        4 bytes
 Hardware stack levels used:    1
 This function calls:
		Nothing
 This function is called by:
		_disp_PID
 This function uses a non-reentrant model


 *************** function _lcd_int *****************
 Defined at:
		line 61 in file "/home/krish/MPLABXProjects/Quadcopter_Transmitter.X/lcd.h"
 Parameters:    Size  Location     Type
  i               2   11[COMMON] int 
 Auto vars:     Size  Location     Type
  j               2    2[BANK0 ] int 
 Return value:  Size  Location     Type
                  1    wreg      void 
 Registers used:
		wreg, status,2, status,0, pclath, cstack
 Tracked objects:
		On entry : 
		On exit  : 
		Unchanged: 
 Data sizes:     COMMON   BANK0   BANK1   BANK3   BANK2
      Params:         2       0       0       0       0
      Locals:         0       2       0       0       0
      Temps:          0       2       0       0       0
      Totals:         2       4       0       0       0
Total ram usage:        6 bytes
 Hardware stack levels used:    1
 Hardware stack levels required when called:    1
 This function calls:
		___awdiv
		___awmod
		___wmul
		i1_lcd_data
 This function is called by:
		_disp_PID
 This function uses a non-reentrant model


 *************** function i1_lcd_data *****************
 Defined at:
		line 39 in file "/home/krish/MPLABXProjects/Quadcopter_Transmitter.X/lcd.h"
 Parameters:    Size  Location     Type
  d               2    7[COMMON] int 
 Auto vars:     Size  Location     Type
		None
 Return value:  Size  Location     Type
                  1    wreg      void 
 Registers used:
		wreg, status,2, status,0
 Tracked objects:
		On entry : 
		On exit  : 
		Unchanged: 
 Data sizes:     COMMON   BANK0   BANK1   BANK3   BANK2
      Params:         2       0       0       0       0
      Locals:         0       0       0       0       0
      Temps:          2       0       0       0       0
      Totals:         4       0       0       0       0
Total ram usage:        4 bytes
 Hardware stack levels used:    1
 This function calls:
		Nothing
 This function is called by:
		_lcd_int
		i1_lcd_string
 This function uses a non-reentrant model


 *************** function ___wmul *****************
 Defined at:
		line 15 in file "/opt/microchip/xc8/v1.44/sources/common/Umul16.c"
 Parameters:    Size  Location     Type
  multiplier      2    0[COMMON] unsigned int 
  multiplicand    2    2[COMMON] unsigned int 
 Auto vars:     Size  Location     Type
  product         2    4[COMMON] unsigned int 
 Return value:  Size  Location     Type
                  2    0[COMMON] unsigned int 
 Registers used:
		wreg, status,2, status,0
 Tracked objects:
		On entry : 
		On exit  : 
		Unchanged: 
 Data sizes:     COMMON   BANK0   BANK1   BANK3   BANK2
      Params:         4       0       0       0       0
      Locals:         2       0       0       0       0
      Temps:          0       0       0       0       0
      Totals:         6       0       0       0       0
Total ram usage:        6 bytes
 Hardware stack levels used:    1
 This function calls:
		Nothing
 This function is called by:
		_lcd_int
 This function uses a non-reentrant model


 *************** function ___awmod *****************
 Defined at:
		line 6 in file "/opt/microchip/xc8/v1.44/sources/common/awmod.c"
 Parameters:    Size  Location     Type
  divisor         2    0[COMMON] int 
  dividend        2    2[COMMON] int 
 Auto vars:     Size  Location     Type
  sign            1    6[COMMON] unsigned char 
  counter         1    5[COMMON] unsigned char 
 Return value:  Size  Location     Type
                  2    0[COMMON] int 
 Registers used:
		wreg, status,2, status,0
 Tracked objects:
		On entry : 
		On exit  : 
		Unchanged: 
 Data sizes:     COMMON   BANK0   BANK1   BANK3   BANK2
      Params:         4       0       0       0       0
      Locals:         2       0       0       0       0
      Temps:          1       0       0       0       0
      Totals:         7       0       0       0       0
Total ram usage:        7 bytes
 Hardware stack levels used:    1
 This function calls:
		Nothing
 This function is called by:
		_lcd_int
 This function uses a non-reentrant model


 *************** function ___awdiv *****************
 Defined at:
		line 6 in file "/opt/microchip/xc8/v1.44/sources/common/awdiv.c"
 Parameters:    Size  Location     Type
  divisor         2    0[COMMON] int 
  dividend        2    2[COMMON] int 
 Auto vars:     Size  Location     Type
  quotient        2    7[COMMON] int 
  sign            1    6[COMMON] unsigned char 
  counter         1    5[COMMON] unsigned char 
 Return value:  Size  Location     Type
                  2    0[COMMON] int 
 Registers used:
		wreg, status,2, status,0
 Tracked objects:
		On entry : 
		On exit  : 
		Unchanged: 
 Data sizes:     COMMON   BANK0   BANK1   BANK3   BANK2
      Params:         4       0       0       0       0
      Locals:         4       0       0       0       0
      Temps:          1       0       0       0       0
      Totals:         9       0       0       0       0
Total ram usage:        9 bytes
 Hardware stack levels used:    1
 This function calls:
		Nothing
 This function is called by:
		_lcd_int
 This function uses a non-reentrant model



MODULE INFORMATION

Module		Function		Class		Link	Load	Size
/opt/microchip/xc8/v1.44/sources/common/Umul16.c
		___wmul        		CODE           	03BF	0000	34

/opt/microchip/xc8/v1.44/sources/common/Umul16.c estimated size: 34

/opt/microchip/xc8/v1.44/sources/common/awmod.c
		___awmod       		CODE           	01CC	0000	76

/opt/microchip/xc8/v1.44/sources/common/awmod.c estimated size: 76

shared
		__stringtab    		STRING         	03E0	0000	7
		__initialization		CODE           	0015	0000	11
		i1_lcd_data    		CODE           	0302	0000	52
		i1_lcd_cmd     		CODE           	0335	0000	51
		i1_lcd_string  		CODE           	0393	0000	45

shared estimated size: 166

/opt/microchip/xc8/v1.44/sources/common/awdiv.c
		___awdiv       		CODE           	0123	0000	90

/opt/microchip/xc8/v1.44/sources/common/awdiv.c estimated size: 90

/home/krish/MPLABXProjects/Quadcopter_Transmitter.X/lcd.h
		_lcd_cmd       		CODE           	0298	0000	55
		_lcd_data      		CODE           	0261	0000	56
		_lcd_int       		CODE           	00A8	0000	124
		_lcd_string    		CODE           	0367	0000	45
		_lcd_init      		CODE           	017C	0000	81

/home/krish/MPLABXProjects/Quadcopter_Transmitter.X/lcd.h estimated size: 361

main.c
		_disp_PID      		CODE           	0023	0000	134
		_pic_init      		CODE           	03FC	0000	21
		_main          		CODE           	02CE	0000	53
		_ext_int       		CODE           	0217	0000	75

main.c estimated size: 283

